Microchip MPLAB XC8 Compiler V1.21 ()

Linker command line:

--edf=C:\Program Files (x86)\Microchip\xc8\v1.21\dat\en_msgs.txt -cs \
  -h+dist/default/production\Example_6.1.X.production.sym \
  --cmf=dist/default/production\Example_6.1.X.production.cmf -z -Q18F4550 \
  -oC:\Users\tbi\AppData\Local\Temp\s128.6 \
  -Mdist/default/production/Example_6.1.X.production.map -E1 -ver=XC8 \
  -ACODE=00h-07FFFh -ACONST=00h-07FFFh -ASMALLCONST=0800h-08FFhx120 \
  -AMEDIUMCONST=0800h-07FFFh -ACOMRAM=01h-05Fh -AABS1=00h-07FFh \
  -ABIGRAM=01h-07FFh -ARAM=060h-0FFh,0100h-01FFhx7 -ABANK0=060h-0FFh \
  -ABANK1=0100h-01FFh -ABANK2=0200h-02FFh -ABANK3=0300h-03FFh \
  -ABANK4=0400h-04FFh -ABANK5=0500h-05FFh -ABANK6=0600h-06FFh \
  -ABANK7=0700h-07FFh -ASFR=0F60h-0FFFh \
  -preset_vec=00h,intcode=08h,intcodelo,powerup,init,end_init \
  -pramtop=0800h -psmallconst=SMALLCONST -pmediumconst=MEDIUMCONST \
  -pconst=CONST -AFARRAM=00h-00h -ACONFIG=0300000h-030000Dh -pconfig=CONFIG \
  -AIDLOC=0200000h-0200007h -pidloc=IDLOC -AEEDATA=0F00000h-0F000FFh \
  -peeprom_data=EEDATA \
  -prdata=COMRAM,nvrram=COMRAM,nvbit=COMRAM,rbss=COMRAM,rbit=COMRAM \
  -pfarbss=FARRAM,fardata=FARRAM,nvFARRAM=FARRAM \
  -pintsave_regs=BIGRAM,bigbss=BIGRAM,bigdata=BIGRAM -pbss=RAM \
  -pidata=CODE,irdata=CODE,ibigdata=CODE,ifardata=CODE \
  C:\Users\tbi\AppData\Local\Temp\s128.obj \
  dist/default/production\Example_6.1.X.production.obj 

Object code version is 3.11

Machine type is 18F4550

Call graph: (short form)




                Name                               Link     Load   Length Selector   Space Scale
C:\Users\tbi\AppData\Local\Temp\s128.obj
                end_init                             14       14        4        4       0
                reset_vec                             0        0        4        0       0
                idloc                            200000   200000        8   200000       0
                config                           300000   300000        E   300000       0
dist/default/production\Example_6.1.X.production.obj
                intcode                               8        8        C        4       0
                text8                               1C0      1C0        E        4       0
                text7                               192      192       20        4       0
                text6                               13E      13E       34        4       0
                intcode_body                         18       18       BC        4       0
                text4                               1CE      1CE        8        4       0
                text3                               1B2      1B2        E        4       0
                text2                               172      172       20        4       0
                text1                               10A      10A       34        4       0
                cstackCOMRAM                          1        1       21        1       1
                cinit                               1D6      1D6        6        4       0
                text0                                D4       D4       36        4       0

TOTAL           Name                               Link     Load   Length     Space
        CLASS   CODE           
                end_init                             14       14        4         0
                intcode                               8        8        C         0
                reset_vec                             0        0        4         0
                text8                               1C0      1C0        E         0
                text7                               192      192       20         0
                text6                               13E      13E       34         0
                intcode_body                         18       18       BC         0
                text4                               1CE      1CE        8         0
                text3                               1B2      1B2        E         0
                text2                               172      172       20         0
                text1                               10A      10A       34         0
                cinit                               1D6      1D6        6         0
                text0                                D4       D4       36         0

        CLASS   CONST          

        CLASS   SMALLCONST     

        CLASS   MEDIUMCONST    

        CLASS   COMRAM         
                cstackCOMRAM                          1        1       21         1

        CLASS   ABS1           

        CLASS   BIGRAM         

        CLASS   RAM            

        CLASS   BANK0          

        CLASS   BANK1          

        CLASS   BANK2          

        CLASS   BANK3          

        CLASS   BANK4          

        CLASS   BANK5          

        CLASS   BANK6          

        CLASS   BANK7          

        CLASS   SFR            

        CLASS   FARRAM         

        CLASS   CONFIG         
                config                           300000   300000        E         0

        CLASS   IDLOC          
                idloc                            200000   200000        8         0

        CLASS   EEDATA         



SEGMENTS        Name                           Load    Length   Top    Selector   Space  Class

                reset_vec                      000000  000004  000004         0       0  CODE    
                cstackCOMRAM                   000001  000021  000022         1       1  COMRAM  
                intcode                        000008  0001D4  0001DC         4       0  CODE    
                idloc                          200000  000008  200008    200000       0  IDLOC   
                config                         300000  00000E  30000E    300000       0  CONFIG  


UNUSED ADDRESS RANGES

        Name                Unused          Largest block    Delta
        BANK0            000060-0000FF               A0
        BANK1            000100-0001FF              100
        BANK2            000200-0002FF              100
        BANK3            000300-0003FF              100
        BANK4            000400-0004FF              100
        BANK5            000500-0005FF              100
        BANK6            000600-0006FF              100
        BANK7            000700-0007FF              100
        BIGRAM           000022-0007FF              7DE
        CODE             000004-000007                4
                         0001DC-007FFF             7E24
        COMRAM           000022-00005F               3E
        CONST            000004-000007                4
                         0001DC-007FFF             7E24
        EEDATA           F00000-F000FF              100
        MEDIUMCONST      000800-007FFF             7800
        RAM              000060-0007FF              100
        SFR              000F60-000FFF               A0
        SMALLCONST       000800-007FFF              100

                                  Symbol Table

?_Delay1KTCYx                 cstackCOMRAM 000019
?_Delay_ms_                   cstackCOMRAM 00001D
?_delay_ms                    cstackCOMRAM 00001A
?i2_Delay1KTCYx               cstackCOMRAM 000001
?i2_Delay_ms_                 cstackCOMRAM 000005
?i2_delay_ms                  cstackCOMRAM 000002
Delay1KTCYx@unit              cstackCOMRAM 000019
Delay_ms_@i                   cstackCOMRAM 00001F
Delay_ms_@j                   cstackCOMRAM 000020
Delay_ms_@t                   cstackCOMRAM 00001D
Ext_isr@i                     cstackCOMRAM 000018
_ADCON1                       (abs)        000FC1
_Config_Intrrupt_Ext          text4        0001CE
_Delay1KTCYx                  text3        0001B2
_Delay_ms_                    text1        00010A
_Ext_isr                      intcode      000008
_INTCONbits                   (abs)        000FF2
_LATDbits                     (abs)        000F8C
_PORTDbits                    (abs)        000F83
_RCONbits                     (abs)        000FD0
_TRISDbits                    (abs)        000F95
_UCONbits                     (abs)        000F6D
__CFG_BOR$ON                  (abs)        000000
__CFG_BORV$3                  (abs)        000000
__CFG_CCP2MX$OFF              (abs)        000000
__CFG_CP0$OFF                 (abs)        000000
__CFG_CP1$OFF                 (abs)        000000
__CFG_CP2$OFF                 (abs)        000000
__CFG_CP3$OFF                 (abs)        000000
__CFG_CPB$OFF                 (abs)        000000
__CFG_CPD$OFF                 (abs)        000000
__CFG_CPUDIV$OSC1_PLL2        (abs)        000000
__CFG_EBTR0$OFF               (abs)        000000
__CFG_EBTR1$OFF               (abs)        000000
__CFG_EBTR2$OFF               (abs)        000000
__CFG_EBTR3$OFF               (abs)        000000
__CFG_EBTRB$OFF               (abs)        000000
__CFG_FCMEN$OFF               (abs)        000000
__CFG_FOSC$HS                 (abs)        000000
__CFG_ICPRT$OFF               (abs)        000000
__CFG_IESO$OFF                (abs)        000000
__CFG_LPT1OSC$OFF             (abs)        000000
__CFG_LVP$OFF                 (abs)        000000
__CFG_MCLRE$ON                (abs)        000000
__CFG_PBADEN$OFF              (abs)        000000
__CFG_PLLDIV$5                (abs)        000000
__CFG_PWRT$OFF                (abs)        000000
__CFG_STVREN$ON               (abs)        000000
__CFG_USBDIV$1                (abs)        000000
__CFG_VREGEN$OFF              (abs)        000000
__CFG_WDT$OFF                 (abs)        000000
__CFG_WDTPS$32768             (abs)        000000
__CFG_WRT0$OFF                (abs)        000000
__CFG_WRT1$OFF                (abs)        000000
__CFG_WRT2$OFF                (abs)        000000
__CFG_WRT3$OFF                (abs)        000000
__CFG_WRTB$OFF                (abs)        000000
__CFG_WRTC$OFF                (abs)        000000
__CFG_WRTD$OFF                (abs)        000000
__CFG_XINST$OFF               (abs)        000000
__HRAM                        (abs)        000000
__Habs1                       abs1         000000
__Hbank0                      bank0        000000
__Hbank1                      bank1        000000
__Hbank2                      bank2        000000
__Hbank3                      bank3        000000
__Hbank4                      bank4        000000
__Hbank5                      bank5        000000
__Hbank6                      bank6        000000
__Hbank7                      bank7        000000
__Hbigbss                     bigbss       000000
__Hbigdata                    bigdata      000000
__Hbigram                     bigram       000000
__Hbss                        bss          000000
__Hcinit                      cinit        000000
__Hclrtext                    clrtext      000000
__Hcomram                     comram       000000
__Hconfig                     config       30000E
__Hconst                      const        000000
__HcstackCOMRAM               cstackCOMRAM 000000
__Hdata                       data         000000
__Heeprom_data                eeprom_data  000000
__Hend_init                   end_init     000018
__Hfarbss                     farbss       000000
__Hfardata                    fardata      000000
__Hibigdata                   ibigdata     000000
__Hidata                      idata        000000
__Hidloc                      idloc        200008
__Hifardata                   ifardata     000000
__Hinit                       init         000014
__Hintcode                    intcode      000014
__Hintcode_body               intcode_body 000000
__Hintcodelo                  intcodelo    000014
__Hintentry                   intentry     000000
__Hintret                     intret       000000
__Hintsave_regs               intsave_regs 000000
__Hirdata                     irdata       000000
__Hmediumconst                mediumconst  000000
__HnvFARRAM                   nvFARRAM     000000
__Hnvbit                      nvbit        000000
__Hnvrram                     nvrram       000000
__Hparam                      rparam       000000
__Hpowerup                    powerup      000014
__Hram                        ram          000000
__Hramtop                     ramtop       000800
__Hrbit                       rbit         000000
__Hrbss                       rbss         000000
__Hrdata                      rdata        000000
__Hreset_vec                  reset_vec    000004
__Hrparam                     rparam       000000
__Hsfr                        sfr          000000
__Hsmallconst                 smallconst   000000
__Hstruct                     struct       000000
__Htemp                       temp         000000
__Htext                       text         000000
__Htext0                      text0        000000
__Htext1                      text1        000000
__Htext2                      text2        000000
__Htext3                      text3        000000
__Htext4                      text4        000000
__Htext6                      text6        000000
__Htext7                      text7        000000
__Htext8                      text8        000000
__LRAM                        (abs)        000001
__Labs1                       abs1         000000
__Lbank0                      bank0        000000
__Lbank1                      bank1        000000
__Lbank2                      bank2        000000
__Lbank3                      bank3        000000
__Lbank4                      bank4        000000
__Lbank5                      bank5        000000
__Lbank6                      bank6        000000
__Lbank7                      bank7        000000
__Lbigbss                     bigbss       000000
__Lbigdata                    bigdata      000000
__Lbigram                     bigram       000000
__Lbss                        bss          000000
__Lcinit                      cinit        000000
__Lclrtext                    clrtext      000000
__Lcomram                     comram       000000
__Lconfig                     config       300000
__Lconst                      const        000000
__LcstackCOMRAM               cstackCOMRAM 000000
__Ldata                       data         000000
__Leeprom_data                eeprom_data  000000
__Lend_init                   end_init     000014
__Lfarbss                     farbss       000000
__Lfardata                    fardata      000000
__Libigdata                   ibigdata     000000
__Lidata                      idata        000000
__Lidloc                      idloc        200000
__Lifardata                   ifardata     000000
__Linit                       init         000014
__Lintcode                    intcode      000008
__Lintcode_body               intcode_body 000000
__Lintcodelo                  intcodelo    000014
__Lintentry                   intentry     000000
__Lintret                     intret       000000
__Lintsave_regs               intsave_regs 000000
__Lirdata                     irdata       000000
__Lmediumconst                mediumconst  000000
__LnvFARRAM                   nvFARRAM     000000
__Lnvbit                      nvbit        000000
__Lnvrram                     nvrram       000000
__Lparam                      rparam       000000
__Lpowerup                    powerup      000014
__Lram                        ram          000000
__Lramtop                     ramtop       000800
__Lrbit                       rbit         000000
__Lrbss                       rbss         000000
__Lrdata                      rdata        000000
__Lreset_vec                  reset_vec    000000
__Lrparam                     rparam       000000
__Lsfr                        sfr          000000
__Lsmallconst                 smallconst   000000
__Lstruct                     struct       000000
__Ltemp                       temp         000000
__Ltext                       text         000000
__Ltext0                      text0        000000
__Ltext1                      text1        000000
__Ltext2                      text2        000000
__Ltext3                      text3        000000
__Ltext4                      text4        000000
__Ltext6                      text6        000000
__Ltext7                      text7        000000
__Ltext8                      text8        000000
__S0                          (abs)        30000E
__S1                          (abs)        000022
__accesstop                   (abs)        000060
__activetblptr                (abs)        000000
__end_of_Config_Intrrupt_Ext  text4        0001D6
__end_of_Delay1KTCYx          text3        0001C0
__end_of_Delay_ms_            text1        00013E
__end_of_Ext_isr              intcode_body 0000D4
__end_of__initialization      cinit        0001D6
__end_of_delay_ms             text2        000192
__end_of_main                 text0        00010A
__end_ofi2_Delay1KTCYx        text8        0001CE
__end_ofi2_Delay_ms_          text6        000172
__end_ofi2_delay_ms           text7        0001B2
__initialization              cinit        0001D6
__mediumconst                 mediumconst  000000
__pcinit                      cinit        0001D6
__pcstackCOMRAM               cstackCOMRAM 000001
__pintcode                    intcode      000008
__pintcode_body               intcode_body 000018
__ptext0                      text0        0000D4
__ptext1                      text1        00010A
__ptext2                      text2        000172
__ptext3                      text3        0001B2
__ptext4                      text4        0001CE
__ptext6                      text6        00013E
__ptext7                      text7        000192
__ptext8                      text8        0001C0
__ramtop                      ramtop       000800
__size_of_Config_Intrrupt_Ext (abs)        000000
__size_of_Delay1KTCYx         (abs)        000000
__size_of_Delay_ms_           (abs)        000000
__size_of_Ext_isr             (abs)        000000
__size_of_delay_ms            (abs)        000000
__size_of_main                (abs)        000000
__size_ofi2_Delay1KTCYx       (abs)        000000
__size_ofi2_Delay_ms_         (abs)        000000
__size_ofi2_delay_ms          (abs)        000000
__smallconst                  smallconst   000000
_delay_ms                     text2        000172
_main                         text0        0000D4
delay_ms@i                    cstackCOMRAM 00001C
delay_ms@t                    cstackCOMRAM 00001A
end_of_initialization         cinit        0001D6
i2Delay1KTCYx@unit            cstackCOMRAM 000001
i2Delay_ms_@i                 cstackCOMRAM 000007
i2Delay_ms_@j                 cstackCOMRAM 000008
i2Delay_ms_@t                 cstackCOMRAM 000005
i2_Delay1KTCYx                text8        0001C0
i2_Delay_ms_                  text6        00013E
i2_delay_ms                   text7        000192
i2delay_ms@i                  cstackCOMRAM 000004
i2delay_ms@t                  cstackCOMRAM 000002
int_func                      intcode_body 000018
intlevel0                     text         000000
intlevel1                     text         000000
intlevel2                     text         000000
intlevel3                     text         000000
start                         init         000014
start_initialization          cinit        0001D6


FUNCTION INFORMATION:

 *************** function _main *****************
 Defined at:
		line 120 in file "main.c"
 Parameters:    Size  Location     Type
		None
 Auto vars:     Size  Location     Type
		None
 Return value:  Size  Location     Type
                  2   27[COMRAM] int 
 Registers used:
		wreg, fsr0l, fsr0h, fsr1l, fsr1h, fsr1l, fsr1h, fsr2l, fsr2h, status,2, status,0, pclat, btemp, btemp+1, btemp+2, btemp+3, btemp+4, btemp+5, btemp+6, btemp+7, tosl, structret, tblptrl, tblptrh, tblptru, prodl, prodh, bsr, cstack
 Tracked objects:
		On entry : 
		On exit  : 
		Unchanged: 
 Data sizes:     COMRAM   BANK0   BANK1   BANK2   BANK3   BANK4   BANK5   BANK6   BANK7
      Params:         0       0       0       0       0       0       0       0       0
      Locals:         0       0       0       0       0       0       0       0       0
      Temps:          1       0       0       0       0       0       0       0       0
      Totals:         1       0       0       0       0       0       0       0       0
Total ram usage:        1 bytes
 Hardware stack levels required when called:    7
 This function calls:
		_Config_Intrrupt_Ext
		_Delay_ms_
 This function is called by:
		Startup code after reset
 This function uses a non-reentrant model


 *************** function _Delay_ms_ *****************
 Defined at:
		line 46 in file "delay.c"
 Parameters:    Size  Location     Type
  t               1   28[COMRAM] unsigned char 
 Auto vars:     Size  Location     Type
  j               1   31[COMRAM] unsigned char 
  i               1   30[COMRAM] unsigned char 
 Return value:  Size  Location     Type
		None               void
 Registers used:
		wreg, fsr0l, fsr0h, fsr1l, fsr1h, fsr1l, fsr1h, fsr2l, fsr2h, status,2, status,0, pclat, btemp, btemp+1, btemp+2, btemp+3, btemp+4, btemp+5, btemp+6, btemp+7, tosl, structret, tblptrl, tblptrh, tblptru, prodl, prodh, bsr, cstack
 Tracked objects:
		On entry : 
		On exit  : 
		Unchanged: 
 Data sizes:     COMRAM   BANK0   BANK1   BANK2   BANK3   BANK4   BANK5   BANK6   BANK7
      Params:         1       0       0       0       0       0       0       0       0
      Locals:         2       0       0       0       0       0       0       0       0
      Temps:          1       0       0       0       0       0       0       0       0
      Totals:         4       0       0       0       0       0       0       0       0
Total ram usage:        4 bytes
 Hardware stack levels used:    1
 Hardware stack levels required when called:    6
 This function calls:
		_delay_ms
 This function is called by:
		_main
 This function uses a non-reentrant model


 *************** function _delay_ms *****************
 Defined at:
		line 19 in file "delay.c"
 Parameters:    Size  Location     Type
  t               1   25[COMRAM] unsigned char 
 Auto vars:     Size  Location     Type
  i               1   27[COMRAM] unsigned char 
 Return value:  Size  Location     Type
		None               void
 Registers used:
		wreg, fsr0l, fsr0h, fsr1l, fsr1h, fsr1l, fsr1h, fsr2l, fsr2h, status,2, status,0, pclat, btemp, btemp+1, btemp+2, btemp+3, btemp+4, btemp+5, btemp+6, btemp+7, tosl, structret, tblptrl, tblptrh, tblptru, prodl, prodh, bsr, cstack
 Tracked objects:
		On entry : 
		On exit  : 
		Unchanged: 
 Data sizes:     COMRAM   BANK0   BANK1   BANK2   BANK3   BANK4   BANK5   BANK6   BANK7
      Params:         1       0       0       0       0       0       0       0       0
      Locals:         1       0       0       0       0       0       0       0       0
      Temps:          1       0       0       0       0       0       0       0       0
      Totals:         3       0       0       0       0       0       0       0       0
Total ram usage:        3 bytes
 Hardware stack levels used:    1
 Hardware stack levels required when called:    5
 This function calls:
		_Delay1KTCYx
 This function is called by:
		_Delay_ms_
		_Delay_s
 This function uses a non-reentrant model


 *************** function _Delay1KTCYx *****************
 Defined at:
		line 9 in file "C:\Program Files (x86)\Microchip\xc8\v1.21\sources\pic18\d1ktcyx.c"
 Parameters:    Size  Location     Type
  unit            1   24[COMRAM] unsigned char 
 Auto vars:     Size  Location     Type
		None
 Return value:  Size  Location     Type
		None               void
 Registers used:
		wreg
 Tracked objects:
		On entry : 
		On exit  : 
		Unchanged: 
 Data sizes:     COMRAM   BANK0   BANK1   BANK2   BANK3   BANK4   BANK5   BANK6   BANK7
      Params:         1       0       0       0       0       0       0       0       0
      Locals:         0       0       0       0       0       0       0       0       0
      Temps:          0       0       0       0       0       0       0       0       0
      Totals:         1       0       0       0       0       0       0       0       0
Total ram usage:        1 bytes
 Hardware stack levels used:    1
 Hardware stack levels required when called:    4
 This function calls:
		Nothing
 This function is called by:
		_delay_ms
		_delay_us
 This function uses a non-reentrant model


 *************** function _Config_Intrrupt_Ext *****************
 Defined at:
		line 58 in file "main.c"
 Parameters:    Size  Location     Type
		None
 Auto vars:     Size  Location     Type
		None
 Return value:  Size  Location     Type
		None               void
 Registers used:
		wreg
 Tracked objects:
		On entry : 
		On exit  : 
		Unchanged: 
 Data sizes:     COMRAM   BANK0   BANK1   BANK2   BANK3   BANK4   BANK5   BANK6   BANK7
      Params:         0       0       0       0       0       0       0       0       0
      Locals:         0       0       0       0       0       0       0       0       0
      Temps:          0       0       0       0       0       0       0       0       0
      Totals:         0       0       0       0       0       0       0       0       0
Total ram usage:        0 bytes
 Hardware stack levels used:    1
 Hardware stack levels required when called:    4
 This function calls:
		Nothing
 This function is called by:
		_main
 This function uses a non-reentrant model


 *************** function _Ext_isr *****************
 Defined at:
		line 103 in file "main.c"
 Parameters:    Size  Location     Type
		None
 Auto vars:     Size  Location     Type
  i               1   23[COMRAM] unsigned char 
 Return value:  Size  Location     Type
		None               void
 Registers used:
		wreg, status,2, status,0, cstack
 Tracked objects:
		On entry : 
		On exit  : 
		Unchanged: 
 Data sizes:     COMRAM   BANK0   BANK1   BANK2   BANK3   BANK4   BANK5   BANK6   BANK7
      Params:         0       0       0       0       0       0       0       0       0
      Locals:         1       0       0       0       0       0       0       0       0
      Temps:         15       0       0       0       0       0       0       0       0
      Totals:        16       0       0       0       0       0       0       0       0
Total ram usage:       16 bytes
 Hardware stack levels used:    1
 Hardware stack levels required when called:    3
 This function calls:
		i2_Delay_ms_
 This function is called by:
		Interrupt level 2
 This function uses a non-reentrant model


 *************** function i2_Delay_ms_ *****************
 Defined at:
		line 46 in file "delay.c"
 Parameters:    Size  Location     Type
  t               1    4[COMRAM] unsigned char 
 Auto vars:     Size  Location     Type
  Delay_ms_       1    7[COMRAM] unsigned char 
  Delay_ms_       1    6[COMRAM] unsigned char 
 Return value:  Size  Location     Type
		None               void
 Registers used:
		wreg, status,2, status,0, cstack
 Tracked objects:
		On entry : 
		On exit  : 
		Unchanged: 
 Data sizes:     COMRAM   BANK0   BANK1   BANK2   BANK3   BANK4   BANK5   BANK6   BANK7
      Params:         1       0       0       0       0       0       0       0       0
      Locals:         2       0       0       0       0       0       0       0       0
      Temps:          1       0       0       0       0       0       0       0       0
      Totals:         4       0       0       0       0       0       0       0       0
Total ram usage:        4 bytes
 Hardware stack levels used:    1
 Hardware stack levels required when called:    2
 This function calls:
		i2_delay_ms
 This function is called by:
		_Ext_isr
 This function uses a non-reentrant model


 *************** function i2_delay_ms *****************
 Defined at:
		line 19 in file "delay.c"
 Parameters:    Size  Location     Type
  t               1    1[COMRAM] unsigned char 
 Auto vars:     Size  Location     Type
  delay_ms        1    3[COMRAM] unsigned char 
 Return value:  Size  Location     Type
		None               void
 Registers used:
		wreg, status,2, status,0, cstack
 Tracked objects:
		On entry : 
		On exit  : 
		Unchanged: 
 Data sizes:     COMRAM   BANK0   BANK1   BANK2   BANK3   BANK4   BANK5   BANK6   BANK7
      Params:         1       0       0       0       0       0       0       0       0
      Locals:         1       0       0       0       0       0       0       0       0
      Temps:          1       0       0       0       0       0       0       0       0
      Totals:         3       0       0       0       0       0       0       0       0
Total ram usage:        3 bytes
 Hardware stack levels used:    1
 Hardware stack levels required when called:    1
 This function calls:
		i2_Delay1KTCYx
 This function is called by:
		i2_Delay_ms_
 This function uses a non-reentrant model


 *************** function i2_Delay1KTCYx *****************
 Defined at:
		line 9 in file "C:\Program Files (x86)\Microchip\xc8\v1.21\sources\pic18\d1ktcyx.c"
 Parameters:    Size  Location     Type
  unit            1    0[COMRAM] unsigned char 
 Auto vars:     Size  Location     Type
		None
 Return value:  Size  Location     Type
		None               void
 Registers used:
		wreg
 Tracked objects:
		On entry : 
		On exit  : 
		Unchanged: 
 Data sizes:     COMRAM   BANK0   BANK1   BANK2   BANK3   BANK4   BANK5   BANK6   BANK7
      Params:         1       0       0       0       0       0       0       0       0
      Locals:         0       0       0       0       0       0       0       0       0
      Temps:          0       0       0       0       0       0       0       0       0
      Totals:         1       0       0       0       0       0       0       0       0
Total ram usage:        1 bytes
 Hardware stack levels used:    1
 This function calls:
		Nothing
 This function is called by:
		i2_delay_ms
 This function uses a non-reentrant model



MODULE INFORMATION

Module		Function		Class		Link	Load	Size
shared
		__initializatio		CODE           	01D6	0000	0
		i2_Delay_ms_   		CODE           	013E	0000	52
		i2_Delay1KTCYx 		CODE           	01C0	0000	14
		i2_delay_ms    		CODE           	0192	0000	32

shared estimated size: 98

main.c
		_main          		CODE           	00D4	0000	54
		_Ext_isr       		CODE           	0008	0000	204
		_Config_Intrrup		CODE           	01CE	0000	8

main.c estimated size: 266

C:\Program Files (x86)\Microchip\xc8\v1.21\sources\pic18\d1ktcyx.c
		_Delay1KTCYx   		CODE           	01B2	0000	14

C:\Program Files (x86)\Microchip\xc8\v1.21\sources\pic18\d1ktcyx.c estimated size: 14

delay.c
		_Delay_ms_     		CODE           	010A	0000	52
		_delay_ms      		CODE           	0172	0000	32

delay.c estimated size: 84

